x0 (zero) = 0
x1 (ra) = 0
x2 (sp) = 2281701376
x3 (gp) = 0
x4 (tp) = 0
x5 (t0) = 1744830464
x6 (t1) = 218103808
x7 (t2) = 9223372034304638976
x8 (s0) = 1073741824
x9 (s1) = 18446744072098938880, -1610612736
x10 (a0) = 0
x11 (a1) = 0
x12 (a2) = 0
x13 (a3) = 0
x14 (a4) = 0
x15 (a5) = 0
x16 (a6) = 0
x17 (a7) = 0
x18 (s2) = 18446744071562067968, -2147483648
x19 (s3) = 218103808
x20 (s4) = 134217728
x21 (s5) = 218103808
x22 (s6) = 18446744073575333888, -134217728
x23 (s7) = 0
x24 (s8) = 0
x25 (s9) = 0
x26 (s10) = 0
x27 (s11) = 0
x28 (t3) = 134217728
x29 (t4) = 18446744071562067968, -2147483648
x30 (t5) = 0
x31 (t6) = 0
MSTATUS = 0
MTVEC = 0
MEPC = 0
MCAUSE = 0
SSTATUS = 0
STVEC = 0
SEPC = 0
SCAUSE = 0
